68:e: file:///home/runner/work/torrent-music-player/torrent-music-player/app/src/main/java/com/apia/musicplayer/data/search/RuTrackerProvider.kt:118:44 Illegal escape: '\d'
70:> Task :app:compileDebugKotlin FAILED
85:BUILD FAILED in 3m 31s
